// Jest Snapshot v1, https://goo.gl/fbAQLP

exports[`applyCommand returns [error node content, unmodified state] 1`] = `
Array [
  Object {
    "content": Array [
      Object {
        "content": "wanted Error",
        "type": "text",
      },
      Object {
        "content": Array [
          Object {
            "content": " error ",
            "type": "text",
          },
        ],
        "type": "command",
      },
    ],
    "type": "error",
  },
  Object {
    "currentSceneName": "current scene",
  },
]
`;
