// Jest Snapshot v1, https://goo.gl/fbAQLP

exports[`getTargetedScene get the unknown scene 1`] = `
Object {
  "actions": Array [],
  "name": "unknown",
  "sceneContent": Array [
    Object {
      "content": Array [
        Object {
          "content": "unknown",
          "type": "text",
        },
      ],
      "level": 2,
      "type": "heading",
    },
    Object {
      "content": Array [
        Object {
          "content": "The scene with path: /unknown does not exist",
          "type": "text",
        },
      ],
      "type": "paragraph",
    },
  ],
}
`;
