// Jest Snapshot v1, https://goo.gl/fbAQLP

exports[`getTargetedScene get the targeted scene 1`] = `
Object {
  "name": "cantina",
  "sceneContent": Array [
    Object {
      "content": Array [
        Object {
          "content": "Cantina",
          "type": "text",
        },
      ],
      "level": 2,
      "type": "heading",
    },
    Object {
      "content": Array [
        Object {
          "content": " show playedCount ",
          "type": "text",
        },
      ],
      "type": "command",
    },
    Object {
      "content": Array [
        Object {
          "content": " time you come here",
          "type": "text",
        },
      ],
      "type": "paragraph",
    },
    Object {
      "content": Array [
        Object {
          "content": "The cantina is full with your crew having a good time ",
          "type": "text",
        },
        Object {
          "content": Array [
            Object {
              "content": " test playedCount equals val 1 ",
              "type": "text",
            },
          ],
          "type": "command",
        },
        Object {
          "content": " ",
          "type": "text",
        },
        Object {
          "content": Array [
            Object {
              "content": "trueCase",
              "type": "text",
            },
          ],
          "type": "trueCaseContent",
        },
        Object {
          "content": Array [
            Object {
              "content": "falseCase",
              "type": "text",
            },
          ],
          "type": "falseCaseContent",
        },
        Object {
          "content": " ",
          "type": "text",
        },
      ],
      "type": "paragraph",
    },
    Object {
      "content": Array [
        Object {
          "content": "They are singing ",
          "type": "text",
        },
        Object {
          "content": "'oh my captain",
          "type": "text",
        },
        Object {
          "content": "' for the ",
          "type": "text",
        },
        Object {
          "content": Array [
            Object {
              "content": " show playedCount ",
              "type": "text",
            },
          ],
          "type": "command",
        },
        Object {
          "content": " times",
          "type": "text",
        },
      ],
      "type": "paragraph",
    },
    Object {
      "content": Array [
        Object {
          "content": "You pick up a sandwich an put it in your bag ",
          "type": "text",
        },
        Object {
          "content": Array [
            Object {
              "content": " set bag sandwich val 1 ",
              "type": "text",
            },
          ],
          "type": "command",
        },
      ],
      "type": "paragraph",
    },
    Object {
      "content": Array [
        Object {
          "content": "You find some pickles ",
          "type": "text",
        },
        Object {
          "content": Array [
            Object {
              "content": " set bag pickles val roll d10 ",
              "type": "text",
            },
          ],
          "type": "command",
        },
      ],
      "type": "paragraph",
    },
    Object {
      "content": Array [
        Object {
          "content": "You have ",
          "type": "text",
        },
        Object {
          "content": Array [
            Object {
              "content": " show bag sandwich ",
              "type": "text",
            },
          ],
          "type": "command",
        },
        Object {
          "content": " with you",
          "type": "text",
        },
      ],
      "type": "paragraph",
    },
    Object {
      "content": Array [
        Object {
          "content": "You have ",
          "type": "text",
        },
        Object {
          "content": Array [
            Object {
              "content": " show bag pickles ",
              "type": "text",
            },
          ],
          "type": "command",
        },
        Object {
          "content": " with you",
          "type": "text",
        },
      ],
      "type": "paragraph",
    },
    Object {
      "content": Array [
        Object {
          "content": " test playedCount equals val 1 ",
          "type": "text",
        },
      ],
      "type": "command",
    },
    Object {
      "content": Array [
        Object {
          "content": " ",
          "type": "text",
        },
        Object {
          "content": Array [
            Object {
              "content": " This is your first time here
    Will you come back ",
              "type": "text",
            },
            Object {
              "content": "? ",
              "type": "text",
            },
          ],
          "type": "trueCaseContent",
        },
        Object {
          "content": Array [
            Object {
              "content": " Should not you go somewhere else ",
              "type": "text",
            },
            Object {
              "content": "?
or what ",
              "type": "text",
            },
            Object {
              "content": "? ",
              "type": "text",
            },
          ],
          "type": "falseCaseContent",
        },
        Object {
          "content": " ",
          "type": "text",
        },
      ],
      "type": "paragraph",
    },
    Object {
      "content": Array [
        Object {
          "content": "Drink",
          "type": "text",
        },
      ],
      "level": 3,
      "type": "heading",
    },
    Object {
      "content": Array [
        Object {
          "content": "You have a whisky or a milkhake",
          "type": "text",
        },
      ],
      "type": "paragraph",
    },
    Object {
      "content": Array [
        Object {
          "content": "Whisky",
          "type": "text",
        },
      ],
      "level": 4,
      "type": "heading",
    },
    Object {
      "content": Array [
        Object {
          "content": "You feel dipsy",
          "type": "text",
        },
      ],
      "type": "paragraph",
    },
    Object {
      "content": Array [
        Object {
          "content": "Milkshake",
          "type": "text",
        },
      ],
      "level": 4,
      "type": "heading",
    },
    Object {
      "content": Array [
        Object {
          "content": "Delicious strawberry one",
          "type": "text",
        },
      ],
      "type": "paragraph",
    },
    Object {
      "content": Array [
        Object {
          "content": "Eat",
          "type": "text",
        },
      ],
      "level": 3,
      "type": "heading",
    },
    Object {
      "content": Array [
        Object {
          "content": "Some eggs",
          "type": "text",
        },
      ],
      "type": "paragraph",
    },
  ],
}
`;
